2026-06-29 23:04:47,989 INFO: 
Version Information: 
	Python: 3.10.20
	PyTorch: 2.3.0+cu121
	TorchVision: 0.18.0+cu121
2026-06-29 23:04:47,989 INFO: 
  backend: dp
  type: ONB_ULRSSM_Model
  num_gpu: 1
  manual_seed: 1234
  non-isometric: False
  partial: False
  path:[
    resume_state: None
    experiments_root: /home/ioana/cortex_project/LearningBasis/DeepShapeMatchingKit/experiments/ulrssm/smal_onb_wks_qreg
    models: /home/ioana/cortex_project/LearningBasis/DeepShapeMatchingKit/experiments/ulrssm/smal_onb_wks_qreg/models
    log: /home/ioana/cortex_project/LearningBasis/DeepShapeMatchingKit/experiments/ulrssm/smal_onb_wks_qreg/log
  ]
  datasets:[
    train_dataset:[
      name: SmalTrain
      type: PairSmalDataset
      phase: train
      data_root: ../data/SMAL_r/
      category: True
      return_evecs: True
      return_faces: True
      num_evecs: 200
      return_corr: False
      return_dist: False
    ]
    test_dataset:[
      name: SmalVal
      type: PairSmalDataset
      phase: test
      data_root: ../data/SMAL_r/
      category: True
      return_evecs: True
      return_faces: True
      num_evecs: 200
      return_corr: True
      return_dist: True
    ]
    batch_size: 1
    num_worker: 1
  ]
  networks:[
    feature_extractor:[
      type: DiffusionNet_B
      in_channels: 128
      out_channels: 256
      input_type: wks
    ]
    onb_correction:[
      type: CayleyONBCorrection
      feature_dim: 256
      rank: 16
      num_steps: 20
      bypass: False
    ]
    fmap_net:[
      type: FasterRegularizedFMNet
      bidirectional: True
    ]
    permutation:[
      type: Similarity
      tau: 0.07
    ]
  ]
  train:[
    total_epochs: 20
    q_identity_reg_weight: 1.0
    optims:[
      feature_extractor:[
        type: Adam
        lr: 0.001
      ]
      onb_correction:[
        type: Adam
        lr: 0.001
      ]
    ]
    schedulers:[
      feature_extractor:[
        type: CosineAnnealingLR
        eta_min: 0.0001
        T_max: 20
      ]
      onb_correction:[
        type: CosineAnnealingLR
        eta_min: 0.0001
        T_max: 20
      ]
    ]
    losses:[
      surfmnet_loss:[
        type: SURFMNetLoss
        w_bij: 1.0
        w_orth: 1.0
        w_lap: 0.0
      ]
      align_loss:[
        type: SquaredFrobeniusLoss
        loss_weight: 1.0
      ]
    ]
  ]
  val:[
    val_freq: 2000
    metrics:[
      geo_error:[
        type: calculate_geodesic_error
      ]
      plot_pck:[
        type: plot_pck
      ]
    ]
  ]
  logger:[
    print_freq: 20
    save_checkpoint_freq: 2000
  ]
  name: smal_onb_wks_qreg
  is_train: True
  dist: False
  rank: 0
  world_size: 1
  root_path: /home/ioana/cortex_project/LearningBasis/DeepShapeMatchingKit

2026-06-29 23:04:47,990 INFO: Dataset [PairSmalDataset]-[SmalTrain] is built.
2026-06-29 23:04:47,990 INFO: Dataset [PairSmalDataset]-[SmalVal] is built.
2026-06-29 23:04:47,991 INFO: Training statistics:
	Number of train images: 841
	Dataset enlarge ratio: 1
	Batch size: 1
	World size (gpu number): 1
	Require iter number per epoch: 841
	Total epochs: 20; iters: 16820.
2026-06-29 23:04:47,991 INFO: Validation statistics:
	Number of val images: 400
2026-06-29 23:04:48,021 INFO: Network [DiffusionNet_B] is created.
2026-06-29 23:04:48,025 INFO: Network [CayleyONBCorrection] is created.
2026-06-29 23:04:48,025 INFO: Network [FasterRegularizedFMNet] is created.
2026-06-29 23:04:48,025 INFO: Network [Similarity] is created.
2026-06-29 23:04:48,106 INFO: Network: DiffusionNet_B, with parameters: 510,336
2026-06-29 23:04:48,106 INFO: Network: CayleyONBCorrection, with parameters: 79,872
2026-06-29 23:04:48,106 INFO: Network: FasterRegularizedFMNet, with parameters: 0
2026-06-29 23:04:48,106 INFO: Network: Similarity, with parameters: 0
2026-06-29 23:04:48,107 INFO: Metric [function] is created.
2026-06-29 23:04:48,107 INFO: Metric [function] is created.
2026-06-29 23:04:48,108 INFO: Network fmap_net has no param to optimize. Ignore it.
2026-06-29 23:04:48,108 INFO: Network permutation has no param to optimize. Ignore it.
2026-06-29 23:04:48,108 INFO: Loss [SURFMNetLoss] is created.
2026-06-29 23:04:48,108 INFO: Loss [SquaredFrobeniusLoss] is created.
2026-06-29 23:04:48,113 INFO: Model [ONB_ULRSSM_Model] is created.
2026-06-29 23:04:48,113 INFO: Start training from epoch: 0, iter: 0
2026-06-29 23:04:54,450 INFO: [smal_..][epoch:  1, iter:      20, lr:(1.000e-03,1.000e-03,)][eta: 1:05:23, time (data): 0.317 (0.025)]l_bij: 2.8717e+02 l_orth: 2.7575e+02 l_align: 9.3182e+01 l_qreg: 4.9934e+00 l_total: 6.6110e+02 
2026-06-29 23:04:59,717 INFO: [smal_..][epoch:  1, iter:      40, lr:(1.000e-03,1.000e-03,)][eta: 1:09:22, time (data): 0.290 (0.019)]l_bij: 2.7446e+02 l_orth: 2.5766e+02 l_align: 1.1398e+02 l_qreg: 1.0092e+00 l_total: 6.4711e+02 
2026-06-29 23:05:04,893 INFO: [smal_..][epoch:  1, iter:      60, lr:(1.000e-03,1.000e-03,)][eta: 1:10:16, time (data): 0.279 (0.018)]l_bij: 2.6611e+02 l_orth: 2.4642e+02 l_align: 1.1794e+02 l_qreg: 2.5101e-01 l_total: 6.3071e+02 
2026-06-29 23:05:10,124 INFO: [smal_..][epoch:  1, iter:      80, lr:(1.000e-03,1.000e-03,)][eta: 1:10:52, time (data): 0.275 (0.017)]l_bij: 2.6606e+02 l_orth: 2.4692e+02 l_align: 1.2043e+02 l_qreg: 7.0625e-01 l_total: 6.3412e+02 
2026-06-29 23:05:15,226 INFO: [smal_..][epoch:  1, iter:     100, lr:(1.000e-03,1.000e-03,)][eta: 1:10:50, time (data): 0.271 (0.016)]l_bij: 2.6228e+02 l_orth: 2.4550e+02 l_align: 1.1715e+02 l_qreg: 9.2961e-02 l_total: 6.2503e+02 
2026-06-29 23:05:20,319 INFO: [smal_..][epoch:  1, iter:     120, lr:(1.000e-03,1.000e-03,)][eta: 1:10:46, time (data): 0.268 (0.016)]l_bij: 2.5796e+02 l_orth: 2.4177e+02 l_align: 1.1879e+02 l_qreg: 1.8071e-01 l_total: 6.1870e+02 
2026-06-29 23:05:25,488 INFO: [smal_..][epoch:  1, iter:     140, lr:(1.000e-03,1.000e-03,)][eta: 1:10:51, time (data): 0.267 (0.016)]l_bij: 2.5610e+02 l_orth: 2.3785e+02 l_align: 1.1973e+02 l_qreg: 2.1771e-01 l_total: 6.1390e+02 
2026-06-29 23:05:30,630 INFO: [smal_..][epoch:  1, iter:     160, lr:(1.000e-03,1.000e-03,)][eta: 1:10:51, time (data): 0.266 (0.016)]l_bij: 2.6081e+02 l_orth: 2.4121e+02 l_align: 1.1616e+02 l_qreg: 1.4308e-01 l_total: 6.1833e+02 
2026-06-29 23:05:35,857 INFO: [smal_..][epoch:  1, iter:     180, lr:(1.000e-03,1.000e-03,)][eta: 1:10:57, time (data): 0.265 (0.015)]l_bij: 2.5357e+02 l_orth: 2.3422e+02 l_align: 1.2535e+02 l_qreg: 1.0876e-01 l_total: 6.1324e+02 
2026-06-29 23:05:41,064 INFO: [smal_..][epoch:  1, iter:     200, lr:(1.000e-03,1.000e-03,)][eta: 1:10:59, time (data): 0.265 (0.015)]l_bij: 2.3819e+02 l_orth: 2.2382e+02 l_align: 1.3234e+02 l_qreg: 6.9673e-02 l_total: 5.9442e+02 
