######## hybrid fmap+0.1*point  16:09:29 ########
Warning: Failed to import pytorch3d. Some functionality may be limited.
Warning: Failed to import pyshot. Some functionality may be limited.
[stage1] faust  k=60  random-pairs  loss_mode=hybrid  device=cuda
         80 train shapes, 20 test shapes, feature=wks (dim 128)
         CayleyONBCorrection params: 115456
  [eval @0]   raw 0.5770   oracle 0.0195   net 0.5750  (align 2.04e+00)
  step    50  hybrid[fmap+0.1*point]_loss 2.592105e-01
  step   100  hybrid[fmap+0.1*point]_loss 2.696527e-01
  step   150  hybrid[fmap+0.1*point]_loss 2.662860e-01
  step   200  hybrid[fmap+0.1*point]_loss 2.651495e-01
  step   250  hybrid[fmap+0.1*point]_loss 2.656387e-01
  step   300  hybrid[fmap+0.1*point]_loss 2.649711e-01
  step   350  hybrid[fmap+0.1*point]_loss 2.667823e-01
  step   400  hybrid[fmap+0.1*point]_loss 2.633737e-01
  step   450  hybrid[fmap+0.1*point]_loss 2.658901e-01
  step   500  hybrid[fmap+0.1*point]_loss 2.610338e-01
  [eval @500]  raw 0.5770   oracle 0.0195   net 0.6325  (align 2.04e+00  |C-I| 1.78e+00)
  step   550  hybrid[fmap+0.1*point]_loss 2.666403e-01
  step   600  hybrid[fmap+0.1*point]_loss 2.650543e-01
  step   650  hybrid[fmap+0.1*point]_loss 2.644793e-01
  step   700  hybrid[fmap+0.1*point]_loss 2.627353e-01
  step   750  hybrid[fmap+0.1*point]_loss 2.606994e-01
  step   800  hybrid[fmap+0.1*point]_loss 2.677597e-01
  step   850  hybrid[fmap+0.1*point]_loss 2.657313e-01
  step   900  hybrid[fmap+0.1*point]_loss 2.658309e-01
  step   950  hybrid[fmap+0.1*point]_loss 2.698532e-01
  step  1000  hybrid[fmap+0.1*point]_loss 2.681092e-01
  [eval @1000]  raw 0.5770   oracle 0.0195   net 0.6499  (align 2.07e+00  |C-I| 1.71e+00)
  step  1050  hybrid[fmap+0.1*point]_loss 2.677255e-01
  step  1100  hybrid[fmap+0.1*point]_loss 2.676990e-01
  step  1150  hybrid[fmap+0.1*point]_loss 2.664289e-01
  step  1200  hybrid[fmap+0.1*point]_loss 2.686677e-01
  step  1250  hybrid[fmap+0.1*point]_loss 2.636721e-01
  step  1300  hybrid[fmap+0.1*point]_loss 2.655285e-01
  step  1350  hybrid[fmap+0.1*point]_loss 2.680675e-01
  step  1400  hybrid[fmap+0.1*point]_loss 2.653608e-01
  step  1450  hybrid[fmap+0.1*point]_loss 2.658984e-01
  step  1500  hybrid[fmap+0.1*point]_loss 2.643556e-01
  [eval @1500]  raw 0.5770   oracle 0.0195   net 0.6490  (align 2.05e+00  |C-I| 1.65e+00)
  step  1550  hybrid[fmap+0.1*point]_loss 2.656656e-01
  step  1600  hybrid[fmap+0.1*point]_loss 2.686038e-01
  step  1650  hybrid[fmap+0.1*point]_loss 2.635752e-01
  step  1700  hybrid[fmap+0.1*point]_loss 2.642685e-01
  step  1750  hybrid[fmap+0.1*point]_loss 2.611150e-01
  step  1800  hybrid[fmap+0.1*point]_loss 2.660534e-01
  step  1850  hybrid[fmap+0.1*point]_loss 2.637479e-01
  step  1900  hybrid[fmap+0.1*point]_loss 2.643473e-01
  step  1950  hybrid[fmap+0.1*point]_loss 2.648253e-01
  step  2000  hybrid[fmap+0.1*point]_loss 2.645951e-01
  [eval @2000]  raw 0.5770   oracle 0.0195   net 0.6496  (align 2.04e+00  |C-I| 1.57e+00)
  step  2050  hybrid[fmap+0.1*point]_loss 2.639324e-01
  step  2100  hybrid[fmap+0.1*point]_loss 2.645346e-01
  step  2150  hybrid[fmap+0.1*point]_loss 2.626049e-01
  step  2200  hybrid[fmap+0.1*point]_loss 2.631248e-01
  step  2250  hybrid[fmap+0.1*point]_loss 2.671774e-01
  step  2300  hybrid[fmap+0.1*point]_loss 2.676952e-01
  step  2350  hybrid[fmap+0.1*point]_loss 2.628221e-01
  step  2400  hybrid[fmap+0.1*point]_loss 2.676233e-01
  step  2450  hybrid[fmap+0.1*point]_loss 2.667838e-01
  step  2500  hybrid[fmap+0.1*point]_loss 2.635541e-01
  [eval @2500]  raw 0.5770   oracle 0.0195   net 0.6815  (align 2.06e+00  |C-I| 1.64e+00)
  step  2550  hybrid[fmap+0.1*point]_loss 2.641541e-01
  step  2600  hybrid[fmap+0.1*point]_loss 2.622646e-01
  step  2650  hybrid[fmap+0.1*point]_loss 2.616272e-01
  step  2700  hybrid[fmap+0.1*point]_loss 2.611076e-01
  step  2750  hybrid[fmap+0.1*point]_loss 2.604432e-01
  step  2800  hybrid[fmap+0.1*point]_loss 2.692758e-01
  step  2850  hybrid[fmap+0.1*point]_loss 2.624233e-01
  step  2900  hybrid[fmap+0.1*point]_loss 2.642346e-01
  step  2950  hybrid[fmap+0.1*point]_loss 2.667205e-01
  step  3000  hybrid[fmap+0.1*point]_loss 2.640859e-01
  [eval @3000]  raw 0.5770   oracle 0.0195   net 0.6792  (align 2.08e+00  |C-I| 1.64e+00)
  saved -> /home/ioana/cortex_project/LearningBasis/DeepShapeMatchingKit/basis_opt/ckpts/faust_wks_onb_k60_r32_hybrid-fmap-w0.1.pth
